[invitacionesdigitales.com.co/boda-juanfelipeyanamaria/36c09ca6.html]
[backblue.gif]
[fade.gif]
[index.html]
[invitacionesdigitales.com.co/invitaciones/admin/imagenes/24405/IMG-OGminiok.jpg]
[invitacionesdigitales.com.co/invitaciones/js/trivia/jquery-3.6.0.min.js]
[invitacionesdigitales.com.co/invitaciones/js/bootstrap.min.js]
[invitacionesdigitales.com.co/img/favicon.png]
[invitacionesdigitales.com.co/invitaciones/js/confetti.browser.js]
[invitacionesdigitales.com.co/invitaciones/css/font-awesome_all.min.css]
[invitacionesdigitales.com.co/invitaciones/css/trivia/bootstrap.min.css]
[invitacionesdigitales.com.co/invitaciones/css/trivia/animate.min.css]
[invitacionesdigitales.com.co/invitaciones/css/trivia/stylec66d.css]
[invitacionesdigitales.com.co/invitaciones/css/trivia/estilos.css]
[invitacionesdigitales.com.co/invitaciones/css/venobox.min.css]
[invitacionesdigitales.com.co/invitaciones/css/bootstrap.min.css]
[invitacionesdigitales.com.co/invitaciones/font-awesome/css/font-awesome.min.css]
[invitacionesdigitales.com.co/invitaciones/css/flexslider.css]
[invitacionesdigitales.com.co/invitaciones/css/magnific-popup.css]
[invitacionesdigitales.com.co/invitaciones/css/animate.css]
[invitacionesdigitales.com.co/invitaciones/css/owl.carousel.css]
[invitacionesdigitales.com.co/invitaciones/css/style478a.css]
[invitacionesdigitales.com.co/invitaciones/css/theme6a73c.css]
[invitacionesdigitales.com.co/invitaciones/admin/imagenes/24405/IMAGEN-HEADERport1 copia.jpg]
[invitacionesdigitales.com.co/invitaciones/admin/imagenes/24405/FOTO_FRASE_LARGAFOTO_FRASE_LARGAfrasenueva.jpg]
[invitacionesdigitales.com.co/invitaciones/admin/imagenes/24405/CEREMONIA1-IMGceryrec.jpg]
[invitacionesdigitales.com.co/invitaciones/admin/imagenes/24405/ITINERARIO-IMGitin1.jpg]
[invitacionesdigitales.com.co/invitaciones/admin/imagenes/24405/DRESSCODE-IMGdcplaya.jpg]
[invitacionesdigitales.com.co/invitaciones/admin/imagenes/24405/FOTOSFOTOS1.jpg]
[invitacionesdigitales.com.co/invitaciones/admin/imagenes/24405/FOTOSFOTOS2.jpg]
[invitacionesdigitales.com.co/invitaciones/admin/imagenes/24405/FOTOSFOTOS3.jpg]
[invitacionesdigitales.com.co/invitaciones/admin/imagenes/24405/FOTOSFOTOS4.jpg]
[invitacionesdigitales.com.co/invitaciones/admin/imagenes/24405/FOTOSFOTOS5.jpg]
[invitacionesdigitales.com.co/invitaciones/admin/imagenes/24405/FOTOSFOTOS6.jpg]
[invitacionesdigitales.com.co/invitaciones/admin/imagenes/24405/PERSONA1-IMGPERSONA2-IMGpps1.jpg]
[invitacionesdigitales.com.co/invitaciones/admin/imagenes/24405/PERSONA2-IMGPERSONA1-IMGpps2.jpg]
[invitacionesdigitales.com.co/invitaciones/admin/imagenes/24405/REGALOS-IMGsobrecito.jpg]
[invitacionesdigitales.com.co/invitaciones/admin/imagenes/24405/INSTAGRAM-FONDO-IMGig1.jpg]
[invitacionesdigitales.com.co/invitaciones/images/video.jpg]
[invitacionesdigitales.com.co/invitaciones/admin/imagenes/24405/GENERICA-IMGGENERICA-IMGLogo_AF_1_JPG1 (1).jpg]
[invitacionesdigitales.com.co/invitaciones/admin/imagenes/24405/IMAGEN-FOOTERIMAGEN-FOOTERfinnuevaok.jpg]
[invitacionesdigitales.com.co/invitaciones/images/musica-on-4.gif]
[cdn.addevent.com/libs/atc/1.6.1/atc.min.js]
[invitacionesdigitales.com.co/invitaciones/js/jquery.countdown.js]
[invitacionesdigitales.com.co/invitaciones/js/modernizr.js]
[invitacionesdigitales.com.co/invitaciones/js/device.js]
[invitacionesdigitales.com.co/invitaciones/js/jquery.flexslider.js]
[invitacionesdigitales.com.co/invitaciones/js/bootstrap.offcanvas.js]
[invitacionesdigitales.com.co/invitaciones/js/jquery.waypoints.min.js]
[invitacionesdigitales.com.co/invitaciones/js/sticky.min.js]
[invitacionesdigitales.com.co/invitaciones/js/jquery.vide.js]
[invitacionesdigitales.com.co/invitaciones/js/pace.min.js]
[invitacionesdigitales.com.co/invitaciones/js/jquery.smooth-scroll.js]
[invitacionesdigitales.com.co/invitaciones/js/jquery.validate.min.js]
[invitacionesdigitales.com.co/invitaciones/js/jquery-ui.min.js]
[cdnjs.cloudflare.com/ajax/libs/jspdf/2.5.3/jspdf.umd.min.35.delayed]
[invitacionesdigitales.com.co/invitaciones/qrgenerator/qrcode.min.js]
[cdnjs.cloudflare.com/ajax/libs/html2pdf.js/0.9.3/html2pdf.bundle.min.js]
[invitacionesdigitales.com.co/invitaciones/js/venobox.min.js]
[invitacionesdigitales.com.co/boda-juanfelipeyanamaria/36c09ca6.html]
[invitacionesdigitales.com.co/invitaciones/css/font-awesome_all.min.css]
[invitacionesdigitales.com.co/invitaciones/css/trivia/bootstrap.min.css]
[invitacionesdigitales.com.co/invitaciones/css/trivia/animate.min.css]
[invitacionesdigitales.com.co/invitaciones/js/script.js]
[invitacionesdigitales.com.co/invitaciones/images/trivia/background/bg4.jpg]
[invitacionesdigitales.com.co/invitaciones/css/trivia/stylec66d.css]
[invitacionesdigitales.com.co/invitaciones/css/trivia/estilos.css]
[invitacionesdigitales.com.co/invitaciones/css/venobox.min.css]
[invitacionesdigitales.com.co/invitaciones/css/bootstrap.min.css]
[invitacionesdigitales.com.co/invitaciones/font-awesome/css/font-awesome.min.css]
[invitacionesdigitales.com.co/invitaciones/css/flexslider.css]
[invitacionesdigitales.com.co/invitaciones/css/magnific-popup.css]
[invitacionesdigitales.com.co/invitaciones/css/animate.css]
[invitacionesdigitales.com.co/invitaciones/css/grabbing.png]
[invitacionesdigitales.com.co/invitaciones/css/owl.carousel.css]
[invitacionesdigitales.com.co/invitaciones/css/style478a.css]
[invitacionesdigitales.com.co/invitaciones/gfx/icon-arrow-t1.png]
[invitacionesdigitales.com.co/invitaciones/css/theme6a73c.css]
[www.googletagmanager.com/gtm5445.html]
[cdnjs.cloudflare.com/ajax/libs/jspdf/2.5.3/jspdf.umd.min.html]
[invitacionesdigitales.com.co/invitaciones/css/grabbing.html]
[invitacionesdigitales.com.co/invitaciones/gfx/icon-arrow-t1.html]
